com.evalvis.post.ITPostTests.authorEditsPost=[
  {
    "author": "author",
    "title": "edited",
    "content": "edited",
    "postId": "#hidden#"
  }
]


com.evalvis.post.ITPostTests.createsPost=[
  {
    "author": "tester",
    "title": "Testing matters",
    "content": "You either test first, test along coding, or don't test at all.",
    "postId": "#hidden#"
  }
]


com.evalvis.post.ITPostTests.findsPostOfEarlierVersion=[
  {
    "author": "author",
    "title": "changed",
    "content": "changed",
    "postId": "#hidden#"
  }
]