com.evalvis.post.PostTests.createsPost=[
  {
    "authorName": "u",
    "datePosted": "#hidden#",
    "postId": "#hidden#",
    "title": "title",
    "version": 1
  }
]


com.evalvis.post.PostTests.editsPost=[
  {
    "author": "a",
    "title": "second",
    "content": "second"
  }
]


com.evalvis.post.PostTests.findsEarlierPost=[
  {
    "body": {
      "author": "b",
      "content": "earlier",
      "title": "title"
    },
    "headers": { },
    "status": "OK"
  }
]


com.evalvis.post.PostTests.getsDateVersionMapping=[
  [
    {
      "authorName": "c",
      "datePosted": "#hidden#",
      "postId": "#hidden#",
      "title": "title",
      "version": 1
    },
    {
      "authorName": "c",
      "datePosted": "#hidden#",
      "postId": "#hidden#",
      "title": "changed",
      "version": 2
    },
    {
      "authorName": "c",
      "datePosted": "#hidden#",
      "postId": "#hidden#",
      "title": "changedAgain",
      "version": 3
    }
  ]
]